// Vitest Snapshot v1, https://vitest.dev/guide/snapshot.html

exports[`VerificationPane verdict vocabulary (Issue #2062) > a not_started run > is fixed by snapshot 1`] = `"This run's verdictNot startedCLI exit=21No work evidence: neither a commit nor an uncommitted change. There was nothing to judge, so the remaining gates never ran.Gates that did not runscope: The \`work-evidence\` gate did not pass, so there was nothing for this gate to judge.lint: The \`work-evidence\` gate did not pass, so there was nothing for this gate to judge."`;

exports[`VerificationPane verdict vocabulary (Issue #2062) > an error run caused by skipped gates > is fixed by snapshot 1`] = `"This run's verdictCould not judgeCLI exit=99No verdict was reached — gates were left unrun, or the verification config could not be read. This is not the same as failing.Partial run: 2 of the 3 planned gates ran. Not run: scope. This verdict covers only the gates that ran.Gates that did not runlint: This worktree is the server process's own working directory, so \`options.skipInPrimaryCheckout\` declined the gate. That guard protects the running UI from a mid-flight rebuild — it is not a defect. The gate runs normally in any other worktree."`;
