// Vitest Snapshot v1, https://vitest.dev/guide/snapshot.html

exports[`VerificationPane onboarding (Issue #2061) > the four states render different wording and different CTAs > configured is fixed by snapshot 1`] = `
{
  "ctas": [
    "Run verification",
  ],
  "phase": "configured",
  "text": "Verification runs the gates this repository declares in \`.commandmate/verify.yaml\`, in this worktree, exactly as written.Each gate's exit code decides the verdict. They are the same gates \`commandmate verify\` and \`wait --verify\` use, so green here means green there.2 gates are declared in \`.commandmate/verify.yaml\`. None has run on this branch yet.Declared gateslintnpm run lintunitnpm run test:unitThe built-in gates run alongside them: work-evidence, scopeRun verification",
}
`;

exports[`VerificationPane onboarding (Issue #2061) > the four states render different wording and different CTAs > no-config is fixed by snapshot 1`] = `
{
  "ctas": [
    "Draft from CI",
    "How to write verify.yaml (design doc)",
  ],
  "phase": "no-config",
  "text": "Verification runs the gates this repository declares in \`.commandmate/verify.yaml\`, in this worktree, exactly as written.Each gate's exit code decides the verdict. They are the same gates \`commandmate verify\` and \`wait --verify\` use, so green here means green there.This repository has not declared any verification gates yet — \`.commandmate/verify.yaml\` does not exist, so there is nothing to run.Reads this repository's \`.github/workflows/*.yml\` and \`package.json\` scripts and writes a draft. An existing file is never overwritten. \`commandmate verify init\` does the same thing.Draft from CIHow to write verify.yaml (design doc)",
}
`;

exports[`VerificationPane onboarding (Issue #2061) > the four states render different wording and different CTAs > result is fixed by snapshot 1`] = `
{
  "ctas": [
    "Show the latest run's gates",
  ],
  "phase": "result",
  "text": "Verification runs the gates this repository declares in \`.commandmate/verify.yaml\`, in this worktree, exactly as written.Each gate's exit code decides the verdict. They are the same gates \`commandmate verify\` and \`wait --verify\` use, so green here means green there.The last run on this branch, #11, is RESULT failed.Show the latest run's gates",
}
`;

exports[`VerificationPane onboarding (Issue #2061) > the four states render different wording and different CTAs > running is fixed by snapshot 1`] = `
{
  "ctas": [
    "Refresh now",
  ],
  "phase": "running",
  "text": "Verification runs the gates this repository declares in \`.commandmate/verify.yaml\`, in this worktree, exactly as written.Each gate's exit code decides the verdict. They are the same gates \`commandmate verify\` and \`wait --verify\` use, so green here means green there.Running: 1 of 4 gates have finished.Elapsed 2m 07sGates run one at a time; each appears in the list below as it finishes.Refresh now",
}
`;
